This is pdfTeX, Version 3.141592653-2.6-1.40.29 (TeX Live 2026) (preloaded format=latex 2026.5.12)  16 MAY 2026 23:35
entering extended mode
 restricted \write18 enabled.
 %&-line parsing enabled.
**\makeatletter\def\HCode{\futurelet\HCode\HChar}\def\HChar{\ifx"\HCode\def\HCo
de"##1"{\Link##1}\expandafter\HCode\else\expandafter\Link\fi}\def\Link#1.a.b.c.
{\let\HCode\documentstyle\def\documentstyle{\let\documentstyle\HCode\expandafte
r\def\csname tex4ht\endcsname{#1,html}\def\HCode####1{\documentstyle[tex4ht,}\@
ifnextchar[{\HCode}{\documentstyle[tex4ht]}}\RequirePackage[#1,html]{tex4ht}}\m
akeatother\HCode /home/dzack/.pandoc/config/tex4ht.cfg,mathjax,section+,charset
=utf-8,html5.a.b.c.\input "\detokenize{sextic20250904_wrapped.tex}"
(/opt/texlive/2026/texmf-dist/tex/generic/tex4ht/tex4ht.sty
version 2026-03-11-13:21
Package: tex4ht 
--------------------------------------
--- Note --- for _ at preamble, use the command line option `early_'
--------------------------------------
--------------------------------------
--- Note --- for ^ at preamble, use the command line option `early^'
--------------------------------------
\tmp:toks=\toks17
) (./sextic20250904_wrapped.tex (/opt/texlive/2026/texmf-dist/tex/generic/tex4h
t/usepackage.4ht
version 2025-08-27-10:30
) (/opt/texlive/2026/texmf-dist/tex/latex/base/article.cls
Document Class: article 2025/01/22 v1.4n Standard LaTeX document class
(/opt/texlive/2026/texmf-dist/tex/latex/base/size10.clo
File: size10.clo 2025/01/22 v1.4n Standard LaTeX file (size option)
)
\c@part=\count275
\c@section=\count276
\c@subsection=\count277
\c@subsubsection=\count278
\c@paragraph=\count279
\c@subparagraph=\count280
\c@figure=\count281
\c@table=\count282
\abovecaptionskip=\skip49
\belowcaptionskip=\skip50
\bibindent=\dimen150
) (/opt/texlive/2026/texmf-dist/tex/generic/tex4ht/xcolor-hooks.4ht
version 2020-10-17-13:53
) (/opt/texlive/2026/texmf-dist/tex/latex/xcolor/xcolor.sty
Package: xcolor 2024/09/29 v3.02 LaTeX color extensions (UK)
(/opt/texlive/2026/texmf-dist/tex/latex/graphics-cfg/color.cfg
File: color.cfg 2016/01/02 v1.6 sample color configuration
)
Package xcolor Info: Driver file: dvips.def on input line 274.
(/opt/texlive/2026/texmf-dist/tex/latex/graphics-def/dvips.def
File: dvips.def 2025/01/21 v3.2a Graphics/color driver for dvips
) (/opt/texlive/2026/texmf-dist/tex/latex/graphics/mathcolor.ltx)
Package xcolor Info: Model `cmy' substituted by `cmy0' on input line 1349.
Package xcolor Info: Model `RGB' extended on input line 1365.
Package xcolor Info: Model `HTML' substituted by `rgb' on input line 1367.
Package xcolor Info: Model `Hsb' substituted by `hsb' on input line 1368.
Package xcolor Info: Model `tHsb' substituted by `hsb' on input line 1369.
Package xcolor Info: Model `HSB' substituted by `hsb' on input line 1370.
Package xcolor Info: Model `Gray' substituted by `gray' on input line 1371.
Package xcolor Info: Model `wave' substituted by `hsb' on input line 1372.
) (/opt/texlive/2026/texmf-dist/tex/latex/amsmath/amsmath.sty
Package: amsmath 2025/07/09 v2.17z AMS math features
\@mathmargin=\skip51
For additional information on amsmath, use the `?' option.
(/opt/texlive/2026/texmf-dist/tex/latex/amsmath/amstext.sty
Package: amstext 2024/11/17 v2.01 AMS text
(/opt/texlive/2026/texmf-dist/tex/latex/amsmath/amsgen.sty
File: amsgen.sty 1999/11/30 v2.0 generic functions
\@emptytoks=\toks18
\ex@=\dimen151
)) (/opt/texlive/2026/texmf-dist/tex/latex/amsmath/amsbsy.sty
Package: amsbsy 1999/11/29 v1.2d Bold Symbols
\pmbraise@=\dimen152
) (/opt/texlive/2026/texmf-dist/tex/latex/amsmath/amsopn.sty
Package: amsopn 2022/04/08 v2.04 operator names
)
\inf@bad=\count283
LaTeX Info: Redefining \frac on input line 233.
\uproot@=\count284
\leftroot@=\count285
LaTeX Info: Redefining \overline on input line 398.
LaTeX Info: Redefining \colon on input line 409.
\classnum@=\count286
\DOTSCASE@=\count287
LaTeX Info: Redefining \ldots on input line 495.
LaTeX Info: Redefining \dots on input line 498.
LaTeX Info: Redefining \cdots on input line 619.
\Mathstrutbox@=\box53
\strutbox@=\box54
LaTeX Info: Redefining \big on input line 721.
LaTeX Info: Redefining \Big on input line 722.
LaTeX Info: Redefining \bigg on input line 723.
LaTeX Info: Redefining \Bigg on input line 724.
\big@size=\dimen153
LaTeX Font Info:    Redeclaring font encoding OML on input line 742.
LaTeX Font Info:    Redeclaring font encoding OMS on input line 743.
\macc@depth=\count288
LaTeX Info: Redefining \bmod on input line 904.
LaTeX Info: Redefining \pmod on input line 909.
LaTeX Info: Redefining \smash on input line 939.
LaTeX Info: Redefining \relbar on input line 969.
LaTeX Info: Redefining \Relbar on input line 970.
\c@MaxMatrixCols=\count289
\dotsspace@=\muskip17
\c@parentequation=\count290
\dspbrk@lvl=\count291
\tag@help=\toks19
\row@=\count292
\column@=\count293
\maxfields@=\count294
\andhelp@=\toks20
\eqnshift@=\dimen154
\alignsep@=\dimen155
\tagshift@=\dimen156
\tagwidth@=\dimen157
\totwidth@=\dimen158
\lineht@=\dimen159
\@envbody=\toks21
\multlinegap=\skip52
\multlinetaggap=\skip53
\mathdisplay@stack=\toks22
LaTeX Info: Redefining \[ on input line 2950.
LaTeX Info: Redefining \] on input line 2951.
) (/opt/texlive/2026/texmf-dist/tex/latex/amsfonts/amssymb.sty
Package: amssymb 2013/01/14 v3.01 AMS font symbols
(/opt/texlive/2026/texmf-dist/tex/latex/amsfonts/amsfonts.sty
Package: amsfonts 2013/01/14 v3.01 Basic AMSFonts support
\symAMSa=\mathgroup4
\symAMSb=\mathgroup5
LaTeX Font Info:    Redeclaring math symbol \hbar on input line 98.
LaTeX Font Info:    Overwriting math alphabet `\mathfrak' in version `bold'
(Font)                  U/euf/m/n --> U/euf/b/n on input line 106.
)) (/opt/texlive/2026/texmf-dist/tex/generic/iftex/iftex.sty
Package: iftex 2024/12/12 v1.0g TeX engine tests
) (/opt/texlive/2026/texmf-dist/tex/latex/base/fontenc.sty
Package: fontenc 2025/07/18 v2.1d Standard LaTeX package
) (/opt/texlive/2026/texmf-dist/tex/latex/base/inputenc.sty
Package: inputenc 2024/02/08 v1.3d Input encoding file
\inpenc@prehook=\toks23
\inpenc@posthook=\toks24
) (/opt/texlive/2026/texmf-dist/tex/latex/base/textcomp.sty
Package: textcomp 2024/04/24 v2.1b Standard LaTeX package
) (/opt/texlive/2026/texmf-dist/tex/latex/lm/lmodern.sty
Package: lmodern 2015/05/01 v1.6.1 Latin Modern Fonts
LaTeX Font Info:    Overwriting symbol font `operators' in version `normal'
(Font)                  OT1/cmr/m/n --> OT1/lmr/m/n on input line 22.
LaTeX Font Info:    Overwriting symbol font `letters' in version `normal'
(Font)                  OML/cmm/m/it --> OML/lmm/m/it on input line 23.
LaTeX Font Info:    Overwriting symbol font `symbols' in version `normal'
(Font)                  OMS/cmsy/m/n --> OMS/lmsy/m/n on input line 24.
LaTeX Font Info:    Overwriting symbol font `largesymbols' in version `normal'
(Font)                  OMX/cmex/m/n --> OMX/lmex/m/n on input line 25.
LaTeX Font Info:    Overwriting symbol font `operators' in version `bold'
(Font)                  OT1/cmr/bx/n --> OT1/lmr/bx/n on input line 26.
LaTeX Font Info:    Overwriting symbol font `letters' in version `bold'
(Font)                  OML/cmm/b/it --> OML/lmm/b/it on input line 27.
LaTeX Font Info:    Overwriting symbol font `symbols' in version `bold'
(Font)                  OMS/cmsy/b/n --> OMS/lmsy/b/n on input line 28.
LaTeX Font Info:    Overwriting symbol font `largesymbols' in version `bold'
(Font)                  OMX/cmex/m/n --> OMX/lmex/m/n on input line 29.
LaTeX Font Info:    Overwriting math alphabet `\mathbf' in version `normal'
(Font)                  OT1/cmr/bx/n --> OT1/lmr/bx/n on input line 31.
LaTeX Font Info:    Overwriting math alphabet `\mathsf' in version `normal'
(Font)                  OT1/cmss/m/n --> OT1/lmss/m/n on input line 32.
LaTeX Font Info:    Overwriting math alphabet `\mathit' in version `normal'
(Font)                  OT1/cmr/m/it --> OT1/lmr/m/it on input line 33.
LaTeX Font Info:    Overwriting math alphabet `\mathtt' in version `normal'
(Font)                  OT1/cmtt/m/n --> OT1/lmtt/m/n on input line 34.
LaTeX Font Info:    Overwriting math alphabet `\mathbf' in version `bold'
(Font)                  OT1/cmr/bx/n --> OT1/lmr/bx/n on input line 35.
LaTeX Font Info:    Overwriting math alphabet `\mathsf' in version `bold'
(Font)                  OT1/cmss/bx/n --> OT1/lmss/bx/n on input line 36.
LaTeX Font Info:    Overwriting math alphabet `\mathit' in version `bold'
(Font)                  OT1/cmr/bx/it --> OT1/lmr/bx/it on input line 37.
LaTeX Font Info:    Overwriting math alphabet `\mathtt' in version `bold'
(Font)                  OT1/cmtt/m/n --> OT1/lmtt/m/n on input line 38.
) (/opt/texlive/2026/texmf-dist/tex/latex/upquote/upquote.sty
Package: upquote 2012/04/19 v1.3 upright-quote and grave-accent glyphs in verba
tim
) (/opt/texlive/2026/texmf-dist/tex/latex/microtype/microtype.sty
Package: microtype 2026/03/01 v3.2d Micro-typographical refinements (RS)
(/opt/texlive/2026/texmf-dist/tex/latex/graphics/keyval.sty
Package: keyval 2022/05/29 v1.15 key=value parser (DPC)
\KV@toks@=\toks25
) (/opt/texlive/2026/texmf-dist/tex/latex/etoolbox/etoolbox.sty
Package: etoolbox 2025/10/02 v2.5m e-TeX tools for LaTeX (JAW)
\etb@tempcnta=\count295
)
\MT@toks=\toks26
\MT@tempbox=\box55
\MT@count=\count296
LaTeX Info: Redefining \noprotrusionifhmode on input line 1084.
LaTeX Info: Redefining \leftprotrusion on input line 1085.
\MT@prot@toks=\toks27
LaTeX Info: Redefining \rightprotrusion on input line 1104.
LaTeX Info: Redefining \textls on input line 1449.
\MT@outer@kern=\dimen160
LaTeX Info: Redefining \microtypecontext on input line 2053.
LaTeX Info: Redefining \textmicrotypecontext on input line 2070.
\MT@listname@count=\count297
(/opt/texlive/2026/texmf-dist/tex/latex/microtype/microtype-pdftex.def
File: microtype-pdftex.def 2026/03/01 v3.2d Definitions specific to pdftex (RS)

LaTeX Info: Redefining \lsstyle on input line 944.
LaTeX Info: Redefining \lslig on input line 944.
\MT@outer@space=\skip54
)
Package microtype Info: Loading configuration file microtype.cfg.
(/opt/texlive/2026/texmf-dist/tex/latex/microtype/microtype.cfg
File: microtype.cfg 2026/03/01 v3.2d microtype main configuration file (RS)
)
LaTeX Info: Redefining \microtypesetup on input line 3065.
) (/opt/texlive/2026/texmf-dist/tex/latex/parskip/parskip.sty
Package: parskip 2021-03-14 v2.0h non-zero parskip adjustments
(/opt/texlive/2026/texmf-dist/tex/latex/kvoptions/kvoptions.sty
Package: kvoptions 2022-06-15 v3.15 Key value format for package options (HO)
(/opt/texlive/2026/texmf-dist/tex/generic/ltxcmds/ltxcmds.sty
Package: ltxcmds 2023-12-04 v1.26 LaTeX kernel commands for general use (HO)
) (/opt/texlive/2026/texmf-dist/tex/latex/kvsetkeys/kvsetkeys.sty
Package: kvsetkeys 2022-10-05 v1.19 Key value parser (HO)
))) (/opt/texlive/2026/texmf-dist/tex/latex/tools/longtable.sty
Package: longtable 2025-10-13 v4.24 Multi-page Table package (DPC)
\LTleft=\skip55
\LTright=\skip56
\LTpre=\skip57
\LTpost=\skip58
\LTchunksize=\count298
\LTcapwidth=\dimen161
\LT@head=\box56
\LT@firsthead=\box57
\LT@foot=\box58
\LT@lastfoot=\box59
\LT@gbox=\box60
\LT@cols=\count299
\LT@rows=\count300
\c@LT@tables=\count301
\c@LT@chunks=\count302
\LT@p@ftn=\toks28
) (/opt/texlive/2026/texmf-dist/tex/latex/booktabs/booktabs.sty
Package: booktabs 2020/01/12 v1.61803398 Publication quality tables
\heavyrulewidth=\dimen162
\lightrulewidth=\dimen163
\cmidrulewidth=\dimen164
\belowrulesep=\dimen165
\belowbottomsep=\dimen166
\aboverulesep=\dimen167
\abovetopsep=\dimen168
\cmidrulesep=\dimen169
\cmidrulekern=\dimen170
\defaultaddspace=\dimen171
\@cmidla=\count303
\@cmidlb=\count304
\@aboverulesep=\dimen172
\@belowrulesep=\dimen173
\@thisruleclass=\count305
\@lastruleclass=\count306
\@thisrulewidth=\dimen174
) (/opt/texlive/2026/texmf-dist/tex/latex/tools/array.sty
Package: array 2025/09/25 v2.6n Tabular extension package (FMi)
\col@sep=\dimen175
\ar@mcellbox=\box61
\extrarowheight=\dimen176
\NC@list=\toks29
\extratabsurround=\skip59
\backup@length=\skip60
\ar@cellbox=\box62
) (/opt/texlive/2026/texmf-dist/tex/latex/tools/calc.sty
Package: calc 2025/03/01 v4.3b Infix arithmetic (KKT,FJ)
\calc@Acount=\count307
\calc@Bcount=\count308
\calc@Adimen=\dimen177
\calc@Bdimen=\dimen178
\calc@Askip=\skip61
\calc@Bskip=\skip62
LaTeX Info: Redefining \setlength on input line 86.
LaTeX Info: Redefining \addtolength on input line 87.
\calc@Ccount=\count309
\calc@Cskip=\skip63
) (/opt/texlive/2026/texmf-dist/tex/latex/footnotehyper/footnotehyper.sty
Package: footnotehyper 2025/11/15 v1.1f hyperref aware footnote.sty (JFB)
\FNH@notes=\box63
\FNH@width=\dimen179
\FNH@toks=\toks30
) (/opt/texlive/2026/texmf-dist/tex/latex/graphics/graphicx.sty
Package: graphicx 2024/12/31 v1.2e Enhanced LaTeX Graphics (DPC,SPQR)
(/opt/texlive/2026/texmf-dist/tex/generic/tex4ht/graphics-hooks.4ht
version 2022-08-17-14:25
) (/opt/texlive/2026/texmf-dist/tex/latex/graphics/graphics.sty
Package: graphics 2024/08/06 v1.4g Standard LaTeX Graphics (DPC,SPQR)
(/opt/texlive/2026/texmf-dist/tex/latex/graphics/trig.sty
Package: trig 2023/12/02 v1.11 sin cos tan (DPC)
) (/opt/texlive/2026/texmf-dist/tex/latex/graphics-cfg/graphics.cfg
File: graphics.cfg 2016/06/04 v1.11 sample graphics configuration
)
Package graphics Info: Driver file: dvips.def on input line 106.
)
\Gin@req@height=\dimen180
\Gin@req@width=\dimen181
)
\pandoc@box=\box64
(/opt/texlive/2026/texmf-dist/tex/generic/tex4ht/bookmark-hooks.4ht
version 2022-07-07-14:08
) (/opt/texlive/2026/texmf-dist/tex/latex/bookmark/bookmark.sty
Package: bookmark 2023-12-10 v1.31 PDF bookmarks (HO)
(/opt/texlive/2026/texmf-dist/tex/generic/tex4ht/hyperref-hooks.4ht
version 2023-09-17-08:01
) (/opt/texlive/2026/texmf-dist/tex/latex/hyperref/hyperref.sty
Package: hyperref 2026-04-24 v7.01q Hypertext links for LaTeX
(/opt/texlive/2026/texmf-dist/tex/generic/kvdefinekeys/kvdefinekeys.sty
Package: kvdefinekeys 2019-12-19 v1.6 Define keys (HO)
) (/opt/texlive/2026/texmf-dist/tex/generic/pdfescape/pdfescape.sty
Package: pdfescape 2019/12/09 v1.15 Implements pdfTeX's escape features (HO)
(/opt/texlive/2026/texmf-dist/tex/generic/pdftexcmds/pdftexcmds.sty
Package: pdftexcmds 2020-06-27 v0.33 Utility functions of pdfTeX for LuaTeX (HO
)
(/opt/texlive/2026/texmf-dist/tex/generic/infwarerr/infwarerr.sty
Package: infwarerr 2019/12/03 v1.5 Providing info/warning/error messages (HO)
)
Package pdftexcmds Info: \pdf@primitive is available.
Package pdftexcmds Info: \pdf@ifprimitive is available.
Package pdftexcmds Info: \pdfdraftmode is ignored in DVI mode.
)) (/opt/texlive/2026/texmf-dist/tex/latex/hycolor/hycolor.sty
Package: hycolor 2020-01-27 v1.10 Color options for hyperref/bookmark (HO)
) (/opt/texlive/2026/texmf-dist/tex/latex/hyperref/nameref.sty
Package: nameref 2026-01-29 v2.58 Cross-referencing by name of section
(/opt/texlive/2026/texmf-dist/tex/latex/refcount/refcount.sty
Package: refcount 2019/12/15 v3.6 Data extraction from label references (HO)
) (/opt/texlive/2026/texmf-dist/tex/generic/gettitlestring/gettitlestring.sty
Package: gettitlestring 2019/12/15 v1.6 Cleanup title references (HO)
)
\c@section@level=\count310
) (/opt/texlive/2026/texmf-dist/tex/generic/stringenc/stringenc.sty
Package: stringenc 2019/11/29 v1.12 Convert strings between diff. encodings (HO
)
)
\@linkdim=\dimen182
\Hy@linkcounter=\count311
\Hy@pagecounter=\count312
(/opt/texlive/2026/texmf-dist/tex/latex/hyperref/pd1enc.def
File: pd1enc.def 2026-04-24 v7.01q Hyperref: PDFDocEncoding definition (HO)
Now handling font encoding PD1 ...
... no UTF-8 mapping file for font encoding PD1
) (/opt/texlive/2026/texmf-dist/tex/generic/intcalc/intcalc.sty
Package: intcalc 2019/12/15 v1.3 Expandable calculations with integers (HO)
)
\Hy@SavedSpaceFactor=\count313
(/opt/texlive/2026/texmf-dist/tex/latex/hyperref/puenc.def
File: puenc.def 2026-04-24 v7.01q Hyperref: PDF Unicode definition (HO)
Now handling font encoding PU ...
... no UTF-8 mapping file for font encoding PU
)
Package hyperref Info: Option `colorlinks' set `true' on input line 4070.
Package hyperref Info: Option `unicode' set `true' on input line 4070.
Package hyperref Info: Hyper figures OFF on input line 4199.
Package hyperref Info: Link nesting OFF on input line 4204.
Package hyperref Info: Hyper index ON on input line 4207.
Package hyperref Info: Plain pages OFF on input line 4214.
Package hyperref Info: Backreferencing OFF on input line 4219.
Package hyperref Info: Implicit mode ON; LaTeX internals redefined.
Package hyperref Info: Bookmarks ON on input line 4466.
\c@Hy@tempcnt=\count314
(/opt/texlive/2026/texmf-dist/tex/latex/url/url.sty
\Urlmuskip=\muskip18
Package: url 2013/09/16  ver 3.4  Verb mode for urls, etc.
)
LaTeX Info: Redefining \url on input line 4805.
\XeTeXLinkMargin=\dimen183
(/opt/texlive/2026/texmf-dist/tex/generic/bitset/bitset.sty
Package: bitset 2019/12/09 v1.3 Handle bit-vector datatype (HO)
(/opt/texlive/2026/texmf-dist/tex/generic/bigintcalc/bigintcalc.sty
Package: bigintcalc 2019/12/15 v1.5 Expandable calculations on big integers (HO
)
))
\Fld@menulength=\count315
\Field@Width=\dimen184
\Fld@charsize=\dimen185
\Field@toks=\toks31
Package hyperref Info: Hyper figures OFF on input line 6091.
Package hyperref Info: Link nesting OFF on input line 6096.
Package hyperref Info: Hyper index ON on input line 6099.
Package hyperref Info: backreferencing OFF on input line 6106.
Package hyperref Info: Link coloring ON on input line 6109.
Package hyperref Info: Link coloring with OCG OFF on input line 6116.
Package hyperref Info: PDF/A mode OFF on input line 6121.
\Hy@abspage=\count316

Package hyperref Message: Stopped early.

)
Package hyperref Info: Driver: htex4ht.
(/opt/texlive/2026/texmf-dist/tex/latex/hyperref/htex4ht.def
File: htex4ht.def 2026-04-24 v7.01q Hyperref driver for TeX4ht
Package hyperref Info: tex4ht is already loaded.
)

Package bookmark Warning: Draft mode on.

) (/opt/texlive/2026/texmf-dist/tex/latex/xurl/xurl.sty
Package: xurl 2022/01/09 v 0.10 modify URL breaks
) (/home/dzack/.pandoc/config/tex4ht.cfg (/opt/texlive/2026/texmf-dist/tex/gene
ric/tex4ht/tex4ht.4ht
version 2026-03-29-00:00
--------------------------------------
--- Note --- for additional information, use the command line option `info'
--------------------------------------
::::::::::::::::::::::::::::::::::::::::::
 TeX4ht info is available in the log file 
::::::::::::::::::::::::::::::::::::::::::
) (/opt/texlive/2026/texmf-dist/tex/generic/tex4ht/tex4ht.sty
version 2026-03-11-13:21
l.882 --- TeX4ht warning --- nonprimitive \everypar ---
--- needs --- tex4ht sextic20250904_wrapped ---
\tmp:cnt=\count317
\openout15 = `sextic20250904_wrapped.tmp'.

(./sextic20250904_wrapped.tmp)
\tmp:dim=\skip64
(./sextic20250904_wrapped.xref)
\:refout=\write3
\openout3 = `sextic20250904_wrapped.xref'.

(/opt/texlive/2026/texmf-dist/tex/generic/tex4ht/html4.4ht
version 2026-05-10-15:33
--------------------------------------
--- Note --- to remove the <?xml version=...?> processing instruction use the c
ommand line option `no-VERSION'
--------------------------------------
--------------------------------------
--- Note --- to remove the DOCTYPE declaration use the command line option `no-
DOCTYPE'
--------------------------------------
) (/opt/texlive/2026/texmf-dist/tex/generic/tex4ht/unicode.4ht
version 2026-01-04-08:10
) (/opt/texlive/2026/texmf-dist/tex/generic/tex4ht/html4-math.4ht
version 2026-01-29-13:49
) (/opt/texlive/2026/texmf-dist/tex/generic/tex4ht/html5.4ht
version 2026-01-18-07:06
)
--------------------------------------
--- Note --- for marking of the base font, use the command line option `fonts+'

--------------------------------------
--------------------------------------
--- Note --- for non active _, use the command line option `no_'
--------------------------------------
--------------------------------------
--- Note --- for _ of catcode 13, use the command line option `_13'
--------------------------------------
--------------------------------------
--- Note --- for non active ^, use the command line option `no^'
--------------------------------------
--------------------------------------
--- Note --- for ^ of catcode 13, use the command line option `^13'
--------------------------------------
(/opt/texlive/2026/texmf-dist/tex/generic/tex4ht/html4.4ht
version 2026-05-10-15:33
--------------------------------------
--- Note --- to ignore CSS font decoration, use the `NoFonts' command line opti
on
--------------------------------------
--------------------------------------
--- Note --- for jpg bitmaps of pictures, use the `jpg' command line option. (C
haracter bitmaps are controled only by `g' records of tex4ht.env and `-g' switc
hes of tex4ht.c) 
--------------------------------------
--------------------------------------
--- Note --- for gif bitmaps of pictures, use the `gif' command line option. (C
haracter bitmaps are controled only by `g' records of tex4ht.env and `-g' switc
hes of tex4ht.c) 
--------------------------------------
--------------------------------------
--- Note --- for content and toc in 2 frames, use the command line option `fram
es'
--------------------------------------
--------------------------------------
--- Note --- for content, toc, and footnotes in 3 frames, use the command line 
option `frames-fn'
--------------------------------------
--------------------------------------
--- Note --- for file extension name xht, use the command line option `xht'
--------------------------------------
TeX4ht package options: mathjax,section+,charset=utf-8,html5,html,xhtml
--------------------------------------
--- Note --- To print a timestamp, use the command line option timestamp
--------------------------------------
--------------------------------------
--- Note --- to ignore CSS code, use the command line option `-css
--------------------------------------
--------------------------------------
--- Note --- for inline CSS code, use the command line option `css-in'
--------------------------------------
--------------------------------------
--- Note --- for pop ups on mouse over, use the command line option `mouseover'

--------------------------------------
--------------------------------------
--- Note --- for addressing images in a subdirectory, use the command line opti
on `imgdir:.../'
--------------------------------------
) (/opt/texlive/2026/texmf-dist/tex/generic/tex4ht/unicode.4ht
version 2026-01-04-08:10
) (/opt/texlive/2026/texmf-dist/tex/generic/tex4ht/html4-math.4ht
version 2026-01-29-13:49
) (/opt/texlive/2026/texmf-dist/tex/generic/tex4ht/html5.4ht
version 2026-01-18-07:06
--------------------------------------
--- Note --- To print a timestamp, use the command line option timestamp
--------------------------------------
--------------------------------------
--- Note --- We use a default CSS style. Use the `nostyle' option if you want t
o use custom a CSS design
--------------------------------------
)
\:tokwrite=\toks32
\:tokpage=\toks33
--------------------------------------
--- Note --- for back links to toc, use the command line option `sections+'
--------------------------------------
--------------------------------------
--- Note --- for linear crosslinks of pages, use the command line option `next'

--------------------------------------
\openout15 = `sextic20250904_wrapped.4ct'.

\:tocout=\write4
\openout4 = `sextic20250904_wrapped.4tc'.

(sextic20250904_wrapped.4tc) (/opt/texlive/2026/texmf-dist/tex/generic/tex4ht/h
tml4.4ht
version 2026-05-10-15:33
) (/opt/texlive/2026/texmf-dist/tex/generic/tex4ht/unicode.4ht
version 2026-01-04-08:10
) (/opt/texlive/2026/texmf-dist/tex/generic/tex4ht/html4-math.4ht
version 2026-01-29-13:49
) (/opt/texlive/2026/texmf-dist/tex/generic/tex4ht/html5.4ht
version 2026-01-18-07:06
) (/opt/texlive/2026/texmf-dist/tex/generic/tex4ht/latex.4ht
version 2025-12-04-13:51
LaTeX Info: Redefining \_ on input line 180.
LaTeX Info: Redefining \begin on input line 634.
LaTeX Info: Redefining \end on input line 682.
LaTeX Info: Redefining \, on input line 844.
LaTeX Info: Redefining \; on input line 845.
LaTeX Info: Redefining \! on input line 846.
LaTeX Info: Redefining \: on input line 847.
LaTeX Info: Redefining \> on input line 848.
--------------------------------------
--- Note --- for links into captions, instead of float heads, use the command l
ine option `refcaption'
--------------------------------------
(/opt/texlive/2026/texmf-dist/tex/generic/tex4ht/html4.4ht
version 2026-05-10-15:33
) (/opt/texlive/2026/texmf-dist/tex/generic/tex4ht/unicode.4ht
version 2026-01-04-08:10
) (/opt/texlive/2026/texmf-dist/tex/generic/tex4ht/html4-math.4ht
version 2026-01-29-13:49
) (/opt/texlive/2026/texmf-dist/tex/generic/tex4ht/html5.4ht
version 2026-01-18-07:06
) (/opt/texlive/2026/texmf-dist/tex/generic/tex4ht/html4.4ht
version 2026-05-10-15:33
--------------------------------------
--- Note --- For mini tocs immediately aftter the header use the command line o
ption `minitoc<'
--------------------------------------
--------------------------------------
--- Note --- For full TOC on each page compatible with the collapsetoc DOM filt
er, use the `fulltoc' command line option.
--------------------------------------
--------------------------------------
--- Note --- for enumerated list elements with valued data, use the command lin
e option `enumerate+'
--------------------------------------
--------------------------------------
--- Note --- for enumerated list elements li's with value attributes, use the c
ommand line option `enumerate-'
--------------------------------------
--------------------------------------
--- Note --- for CSS2 code, use the command line option `css2'
--------------------------------------
--------------------------------------
--- Note --- for pictorial tabular, use the command line option `pic-tabular'
--------------------------------------
--------------------------------------
--- Note --- for bitmap fbox'es, use the command line option `pic-fbox'
--------------------------------------
--------------------------------------
--- Note --- for minipage with width, use the command line option `minipage-wid
th'
--------------------------------------
--------------------------------------
--- Note --- for bitmap framebox'es, use the command line option `pic-framebox'

--------------------------------------
--------------------------------------
--- Note --- for inline footnotes use command line option `fn-in'
--------------------------------------
--------------------------------------
--- Note --- for tracing of latex font commands, use the command line option `f
onts'
--------------------------------------
--------------------------------------
--- Note --- for width specifications of tabular p entries, use the `p-width' c
ommand line option or a configuration similar to \Configure{HColWidth}{\HCode{ 
style="width:\HColWidth"}}
--------------------------------------
) (/opt/texlive/2026/texmf-dist/tex/generic/tex4ht/unicode.4ht
version 2026-01-04-08:10
) (/opt/texlive/2026/texmf-dist/tex/generic/tex4ht/html4-math.4ht
version 2026-01-29-13:49
--------------------------------------
--- Note --- for pictorial eqnarray, use the command line option `pic-eqnarray'

--------------------------------------
--------------------------------------
--- Note --- for pictorial array, use the command line option `pic-array'
--------------------------------------
--------------------------------------
--- Note --- for pictorial $...$ environments, use the command line option `pic
-m' (not recommended!!)
--------------------------------------
--------------------------------------
--- Note --- for pictorial $...$ and $$...$$ environments with latex alt, use t
he command line option `pic-m+' (not safe!!)
--------------------------------------
--------------------------------------
--- Note --- for pictorial array, use the command line option `pic-array'
--------------------------------------
(/opt/texlive/2026/texmf-dist/tex/generic/tex4ht/mathjax-latex-4ht.4ht
version 2025-01-26-07:11
)) (/opt/texlive/2026/texmf-dist/tex/generic/tex4ht/html5.4ht
version 2026-01-18-07:06
)) (/opt/texlive/2026/texmf-dist/tex/generic/tex4ht/fontmath.4ht
version 2022-10-25-13:59
(/opt/texlive/2026/texmf-dist/tex/generic/tex4ht/html4.4ht
version 2026-05-10-15:33
) (/opt/texlive/2026/texmf-dist/tex/generic/tex4ht/unicode.4ht
version 2026-01-04-08:10
) (/opt/texlive/2026/texmf-dist/tex/generic/tex4ht/html4-math.4ht
version 2026-01-29-13:49
) (/opt/texlive/2026/texmf-dist/tex/generic/tex4ht/html5.4ht
version 2026-01-18-07:06
)) (/opt/texlive/2026/texmf-dist/tex/generic/tex4ht/article.4ht
version 2023-04-10-13:46
(/opt/texlive/2026/texmf-dist/tex/generic/tex4ht/html4.4ht
version 2026-05-10-15:33
--------------------------------------
--- Note --- for automatic sectioning pagination, use the command line option `
1', `2', `3', '4', '5', '6', or '7'
--------------------------------------
--------------------------------------
--- Note --- for files named derived from section titles, use the command line 
option `sec-filename'
--------------------------------------
--------------------------------------
--- Note --- for i-columns index, use the command line option `index=i' (e.g., 
index=2)
--------------------------------------
) (/opt/texlive/2026/texmf-dist/tex/generic/tex4ht/unicode.4ht
version 2026-01-04-08:10
) (/opt/texlive/2026/texmf-dist/tex/generic/tex4ht/html4-math.4ht
version 2026-01-29-13:49
) (/opt/texlive/2026/texmf-dist/tex/generic/tex4ht/html5.4ht
version 2026-01-18-07:06
)) (/opt/texlive/2026/texmf-dist/tex/generic/tex4ht/xcolor.4ht
version 2025-06-05-13:26
(/opt/texlive/2026/texmf-dist/tex/generic/tex4ht/color.4ht
version 2025-06-05-13:26
(/opt/texlive/2026/texmf-dist/tex/generic/tex4ht/html4.4ht
version 2026-05-10-15:33
) (/opt/texlive/2026/texmf-dist/tex/generic/tex4ht/unicode.4ht
version 2026-01-04-08:10
) (/opt/texlive/2026/texmf-dist/tex/generic/tex4ht/html4-math.4ht
version 2026-01-29-13:49
) (/opt/texlive/2026/texmf-dist/tex/generic/tex4ht/html5.4ht
version 2026-01-18-07:06
)) (/opt/texlive/2026/texmf-dist/tex/generic/tex4ht/html4.4ht
version 2026-05-10-15:33
) (/opt/texlive/2026/texmf-dist/tex/generic/tex4ht/unicode.4ht
version 2026-01-04-08:10
) (/opt/texlive/2026/texmf-dist/tex/generic/tex4ht/html4-math.4ht
version 2026-01-29-13:49
) (/opt/texlive/2026/texmf-dist/tex/generic/tex4ht/html5.4ht
version 2026-01-18-07:06
)) (/opt/texlive/2026/texmf-dist/tex/generic/tex4ht/color.4ht
version 2025-06-05-13:26
) (/opt/texlive/2026/texmf-dist/tex/generic/tex4ht/dvips.4ht
version 2009-05-21-09:32
(/opt/texlive/2026/texmf-dist/tex/generic/tex4ht/html4.4ht
version 2026-05-10-15:33
) (/opt/texlive/2026/texmf-dist/tex/generic/tex4ht/unicode.4ht
version 2026-01-04-08:10
) (/opt/texlive/2026/texmf-dist/tex/generic/tex4ht/html4-math.4ht
version 2026-01-29-13:49
) (/opt/texlive/2026/texmf-dist/tex/generic/tex4ht/html5.4ht
version 2026-01-18-07:06
)) (/opt/texlive/2026/texmf-dist/tex/generic/tex4ht/amsmath.4ht
version 2025-12-11-13:10
\tmp:muskip=\muskip19
(/opt/texlive/2026/texmf-dist/tex/generic/tex4ht/html4.4ht
version 2026-05-10-15:33
) (/opt/texlive/2026/texmf-dist/tex/generic/tex4ht/unicode.4ht
version 2026-01-04-08:10
) (/opt/texlive/2026/texmf-dist/tex/generic/tex4ht/html4-math.4ht
version 2026-01-29-13:49
) (/opt/texlive/2026/texmf-dist/tex/generic/tex4ht/html5.4ht
version 2026-01-18-07:06
)) (/opt/texlive/2026/texmf-dist/tex/generic/tex4ht/amstext.4ht
version 2009-05-21-09:32
(/opt/texlive/2026/texmf-dist/tex/generic/tex4ht/html4.4ht
version 2026-05-10-15:33
) (/opt/texlive/2026/texmf-dist/tex/generic/tex4ht/unicode.4ht
version 2026-01-04-08:10
) (/opt/texlive/2026/texmf-dist/tex/generic/tex4ht/html4-math.4ht
version 2026-01-29-13:49
) (/opt/texlive/2026/texmf-dist/tex/generic/tex4ht/html5.4ht
version 2026-01-18-07:06
)) (/opt/texlive/2026/texmf-dist/tex/generic/tex4ht/amsbsy.4ht
version 2009-05-21-09:32
(/opt/texlive/2026/texmf-dist/tex/generic/tex4ht/html4.4ht
version 2026-05-10-15:33
) (/opt/texlive/2026/texmf-dist/tex/generic/tex4ht/unicode.4ht
version 2026-01-04-08:10
) (/opt/texlive/2026/texmf-dist/tex/generic/tex4ht/html4-math.4ht
version 2026-01-29-13:49
) (/opt/texlive/2026/texmf-dist/tex/generic/tex4ht/html5.4ht
version 2026-01-18-07:06
)) (/opt/texlive/2026/texmf-dist/tex/generic/tex4ht/amsopn.4ht
version 2009-05-21-09:32
(/opt/texlive/2026/texmf-dist/tex/generic/tex4ht/html4.4ht
version 2026-05-10-15:33
) (/opt/texlive/2026/texmf-dist/tex/generic/tex4ht/unicode.4ht
version 2026-01-04-08:10
) (/opt/texlive/2026/texmf-dist/tex/generic/tex4ht/html4-math.4ht
version 2026-01-29-13:49
) (/opt/texlive/2026/texmf-dist/tex/generic/tex4ht/html5.4ht
version 2026-01-18-07:06
)) (/opt/texlive/2026/texmf-dist/tex/generic/tex4ht/amssymb.4ht
version 2009-05-21-09:32
(/opt/texlive/2026/texmf-dist/tex/generic/tex4ht/html4.4ht
version 2026-05-10-15:33
) (/opt/texlive/2026/texmf-dist/tex/generic/tex4ht/unicode.4ht
version 2026-01-04-08:10
) (/opt/texlive/2026/texmf-dist/tex/generic/tex4ht/html4-math.4ht
version 2026-01-29-13:49
) (/opt/texlive/2026/texmf-dist/tex/generic/tex4ht/html5.4ht
version 2026-01-18-07:06
)) (/opt/texlive/2026/texmf-dist/tex/generic/tex4ht/amsfonts.4ht
version 2024-11-03-05:51
(/opt/texlive/2026/texmf-dist/tex/generic/tex4ht/html4.4ht
version 2026-05-10-15:33
) (/opt/texlive/2026/texmf-dist/tex/generic/tex4ht/unicode.4ht
version 2026-01-04-08:10
) (/opt/texlive/2026/texmf-dist/tex/generic/tex4ht/html4-math.4ht
version 2026-01-29-13:49
) (/opt/texlive/2026/texmf-dist/tex/generic/tex4ht/html5.4ht
version 2026-01-18-07:06
)) (/opt/texlive/2026/texmf-dist/tex/generic/tex4ht/inputenc.4ht
version 2009-05-21-09:32
(/opt/texlive/2026/texmf-dist/tex/generic/tex4ht/html4.4ht
version 2026-05-10-15:33
) (/opt/texlive/2026/texmf-dist/tex/generic/tex4ht/unicode.4ht
version 2026-01-04-08:10
) (/opt/texlive/2026/texmf-dist/tex/generic/tex4ht/html4-math.4ht
version 2026-01-29-13:49
) (/opt/texlive/2026/texmf-dist/tex/generic/tex4ht/html5.4ht
version 2026-01-18-07:06
)) (/opt/texlive/2026/texmf-dist/tex/generic/tex4ht/microtype.4ht
version 2024-04-24-15:10
(/opt/texlive/2026/texmf-dist/tex/generic/tex4ht/html4.4ht
version 2026-05-10-15:33
) (/opt/texlive/2026/texmf-dist/tex/generic/tex4ht/unicode.4ht
version 2026-01-04-08:10
) (/opt/texlive/2026/texmf-dist/tex/generic/tex4ht/html4-math.4ht
version 2026-01-29-13:49
) (/opt/texlive/2026/texmf-dist/tex/generic/tex4ht/html5.4ht
version 2026-01-18-07:06
)) (/opt/texlive/2026/texmf-dist/tex/generic/tex4ht/longtable.4ht
version 2025-12-02-14:49
\LT:box=\box65
\LT:ebox=\box66
\tmp:bx=\box67
(/opt/texlive/2026/texmf-dist/tex/generic/tex4ht/html4.4ht
version 2026-05-10-15:33
--------------------------------------
--- Note --- for pictorial longtable, use the command line option `pic-longtabl
e'
--------------------------------------
) (/opt/texlive/2026/texmf-dist/tex/generic/tex4ht/unicode.4ht
version 2026-01-04-08:10
) (/opt/texlive/2026/texmf-dist/tex/generic/tex4ht/html4-math.4ht
version 2026-01-29-13:49
) (/opt/texlive/2026/texmf-dist/tex/generic/tex4ht/html5.4ht
version 2026-01-18-07:06
)) (/opt/texlive/2026/texmf-dist/tex/generic/tex4ht/booktabs.4ht
version 2009-05-21-09:32
(/opt/texlive/2026/texmf-dist/tex/generic/tex4ht/html4.4ht
version 2026-05-10-15:33
) (/opt/texlive/2026/texmf-dist/tex/generic/tex4ht/unicode.4ht
version 2026-01-04-08:10
) (/opt/texlive/2026/texmf-dist/tex/generic/tex4ht/html4-math.4ht
version 2026-01-29-13:49
) (/opt/texlive/2026/texmf-dist/tex/generic/tex4ht/html5.4ht
version 2026-01-18-07:06
)) (/opt/texlive/2026/texmf-dist/tex/generic/tex4ht/array.4ht
version 2025-08-14-13:28
(/opt/texlive/2026/texmf-dist/tex/generic/tex4ht/html4.4ht
version 2026-05-10-15:33
) (/opt/texlive/2026/texmf-dist/tex/generic/tex4ht/unicode.4ht
version 2026-01-04-08:10
) (/opt/texlive/2026/texmf-dist/tex/generic/tex4ht/html4-math.4ht
version 2026-01-29-13:49
--------------------------------------
--- Note --- for pictorial array, use the command line option `pic-array'
--------------------------------------
) (/opt/texlive/2026/texmf-dist/tex/generic/tex4ht/html5.4ht
version 2026-01-18-07:06
)) (/opt/texlive/2026/texmf-dist/tex/generic/tex4ht/graphicx.4ht
version 2022-01-12-13:53
(/opt/texlive/2026/texmf-dist/tex/generic/tex4ht/html4.4ht
version 2026-05-10-15:33
) (/opt/texlive/2026/texmf-dist/tex/generic/tex4ht/unicode.4ht
version 2026-01-04-08:10
) (/opt/texlive/2026/texmf-dist/tex/generic/tex4ht/html4-math.4ht
version 2026-01-29-13:49
) (/opt/texlive/2026/texmf-dist/tex/generic/tex4ht/html5.4ht
version 2026-01-18-07:06
)) (/opt/texlive/2026/texmf-dist/tex/generic/tex4ht/graphics.4ht
version 2024-03-07-13:56
(/opt/texlive/2026/texmf-dist/tex/generic/tex4ht/html4.4ht
version 2026-05-10-15:33
--------------------------------------
--- Note --- if included graphics are of degraded quality, try the command line
 options `graphics-num' or `graphics-'. The `num' should provide the density of
 pixels in the bitmaps (e.g., 110). 
--------------------------------------
--------------------------------------
--- Note --- for setting image dimensions, try the option `Gin-dim'; to use per
cents instead of units, use `Gin-perecent'; for key dimensions when bounding bo
x is unavailable try `Gin-dim+'; neither is recommended
--------------------------------------
) (/opt/texlive/2026/texmf-dist/tex/generic/tex4ht/unicode.4ht
version 2026-01-04-08:10
) (/opt/texlive/2026/texmf-dist/tex/generic/tex4ht/html4-math.4ht
version 2026-01-29-13:49
) (/opt/texlive/2026/texmf-dist/tex/generic/tex4ht/html5.4ht
version 2026-01-18-07:06
)) (/opt/texlive/2026/texmf-dist/tex/generic/tex4ht/hyperref.4ht
version 2025-10-29-12:48
LaTeX Info: Redefining \autoref on input line 88.
\Hy@SectionHShift=\skip65
(/opt/texlive/2026/texmf-dist/tex/generic/tex4ht/html4.4ht
version 2026-05-10-15:33
) (/opt/texlive/2026/texmf-dist/tex/generic/tex4ht/unicode.4ht
version 2026-01-04-08:10
) (/opt/texlive/2026/texmf-dist/tex/generic/tex4ht/html4-math.4ht
version 2026-01-29-13:49
) (/opt/texlive/2026/texmf-dist/tex/generic/tex4ht/html5.4ht
version 2026-01-18-07:06
)) (/opt/texlive/2026/texmf-dist/tex/generic/tex4ht/nameref.4ht
version 2025-03-03-13:56
(/opt/texlive/2026/texmf-dist/tex/generic/tex4ht/html4.4ht
version 2026-05-10-15:33
) (/opt/texlive/2026/texmf-dist/tex/generic/tex4ht/unicode.4ht
version 2026-01-04-08:10
) (/opt/texlive/2026/texmf-dist/tex/generic/tex4ht/html4-math.4ht
version 2026-01-29-13:49
) (/opt/texlive/2026/texmf-dist/tex/generic/tex4ht/html5.4ht
version 2026-01-18-07:06
)) (/opt/texlive/2026/texmf-dist/tex/generic/tex4ht/pd1enc.4ht
version 2009-05-21-09:32
(/opt/texlive/2026/texmf-dist/tex/generic/tex4ht/html4.4ht
version 2026-05-10-15:33
) (/opt/texlive/2026/texmf-dist/tex/generic/tex4ht/unicode.4ht
version 2026-01-04-08:10
) (/opt/texlive/2026/texmf-dist/tex/generic/tex4ht/html4-math.4ht
version 2026-01-29-13:49
) (/opt/texlive/2026/texmf-dist/tex/generic/tex4ht/html5.4ht
version 2026-01-18-07:06
)) (/opt/texlive/2026/texmf-dist/tex/generic/tex4ht/url.4ht
version 2025-07-11-09:25
(/opt/texlive/2026/texmf-dist/tex/generic/tex4ht/html4.4ht
version 2026-05-10-15:33
--------------------------------------
--- Note --- for URL encoding within href use the command line option `url-enc'

--------------------------------------
) (/opt/texlive/2026/texmf-dist/tex/generic/tex4ht/unicode.4ht
version 2026-01-04-08:10
) (/opt/texlive/2026/texmf-dist/tex/generic/tex4ht/html4-math.4ht
version 2026-01-29-13:49
) (/opt/texlive/2026/texmf-dist/tex/generic/tex4ht/html5.4ht
version 2026-01-18-07:06
)) (/opt/texlive/2026/texmf-dist/tex/generic/tex4ht/html4.4ht
version 2026-05-10-15:33
) (/opt/texlive/2026/texmf-dist/tex/generic/tex4ht/unicode.4ht
version 2026-01-04-08:10
) (/opt/texlive/2026/texmf-dist/tex/generic/tex4ht/html4-math.4ht
version 2026-01-29-13:49
) (/opt/texlive/2026/texmf-dist/tex/generic/tex4ht/html5.4ht
version 2026-01-18-07:06
))
LaTeX Font Info:    Trying to load font information for T1+lmr on input line 2.

(/opt/texlive/2026/texmf-dist/tex/latex/lm/t1lmr.fd
File: t1lmr.fd 2015/05/01 v1.6.1 Font defs for Latin Modern
) (/opt/texlive/2026/texmf-dist/tex/latex/l3backend/l3backend-dvips.def
File: l3backend-dvips.def 2026-02-18 L3 backend support: dvips
\l__pdfannot_backend_content_box=\box68
\l__pdfannot_backend_model_box=\box69
\g__pdfannot_backend_int=\count318
\g__pdfannot_backend_link_int=\count319
\g__pdfannot_backend_link_sf_int=\count320
) (./sextic20250904_wrapped.aux)
\openout1 = `sextic20250904_wrapped.aux'.

LaTeX Font Info:    Checking defaults for OML/cmm/m/it on input line 2.
LaTeX Font Info:    ... okay on input line 2.
LaTeX Font Info:    Checking defaults for OMS/cmsy/m/n on input line 2.
LaTeX Font Info:    ... okay on input line 2.
LaTeX Font Info:    Checking defaults for OT1/cmr/m/n on input line 2.
LaTeX Font Info:    ... okay on input line 2.
LaTeX Font Info:    Checking defaults for T1/cmr/m/n on input line 2.
LaTeX Font Info:    ... okay on input line 2.
LaTeX Font Info:    Checking defaults for TS1/cmr/m/n on input line 2.
LaTeX Font Info:    ... okay on input line 2.
LaTeX Font Info:    Checking defaults for OMX/cmex/m/n on input line 2.
LaTeX Font Info:    ... okay on input line 2.
LaTeX Font Info:    Checking defaults for U/cmr/m/n on input line 2.
LaTeX Font Info:    ... okay on input line 2.
LaTeX Font Info:    Checking defaults for PD1/pdf/m/n on input line 2.
LaTeX Font Info:    ... okay on input line 2.
LaTeX Font Info:    Checking defaults for PU/pdf/m/n on input line 2.
LaTeX Font Info:    ... okay on input line 2.
LaTeX Info: Redefining \microtypecontext on input line 2.
Package microtype Info: Not applying patch `item' (for tex4ht) on input line 2.

Package microtype Info: Not applying patch `toc' (for tex4ht) on input line 2.
Package microtype Info: Not applying patch `eqnum' (for tex4ht) on input line 2
.
Package microtype Info: Not applying patch `footnote' (for tex4ht) on input lin
e 2.
Package microtype Info: Not applying patch `verbatim' (for tex4ht) on input lin
e 2.
LaTeX Info: Redefining \microtypesetup on input line 2.
Package microtype Info: Generating DVI output.
Package microtype Info: No character protrusion.
Package microtype Info: No font expansion.
Package microtype Info: No adjustment of tracking.
Package microtype Info: No adjustment of interword spacing.
Package microtype Info: No adjustment of character kerning.
Package hyperref Info: Link coloring OFF on input line 2.
--- file sextic20250904_wrapped.css ---

! LaTeX Error: Command \MR undefined in `/home/dzack/.pandoc/config/tex4ht.cfg'
.

See the LaTeX manual or LaTeX Companion for explanation.
Type  H <return>  for immediate help.
 ...                                              
                                                  
l.5 \renewcommand{\MR}
                      [1]{\relax\ifhmode\unskip\space\fi MR #1}
Try typing  <return>  to proceed.
If that doesn't work, type  X <return>  to quit.

) [1

] [2]
LaTeX Font Info:    Trying to load font information for OT1+lmr on input line 8
2.
(/opt/texlive/2026/texmf-dist/tex/latex/lm/ot1lmr.fd
File: ot1lmr.fd 2015/05/01 v1.6.1 Font defs for Latin Modern
)
LaTeX Font Info:    Trying to load font information for OML+lmm on input line 8
2.
(/opt/texlive/2026/texmf-dist/tex/latex/lm/omllmm.fd
File: omllmm.fd 2015/05/01 v1.6.1 Font defs for Latin Modern
)
LaTeX Font Info:    Trying to load font information for OMS+lmsy on input line 
82.
(/opt/texlive/2026/texmf-dist/tex/latex/lm/omslmsy.fd
File: omslmsy.fd 2015/05/01 v1.6.1 Font defs for Latin Modern
)
LaTeX Font Info:    Trying to load font information for OMX+lmex on input line 
82.
(/opt/texlive/2026/texmf-dist/tex/latex/lm/omxlmex.fd
File: omxlmex.fd 2015/05/01 v1.6.1 Font defs for Latin Modern
)
LaTeX Font Info:    External font `lmex10' loaded for size
(Font)              <12> on input line 82.
LaTeX Font Info:    External font `lmex10' loaded for size
(Font)              <8> on input line 82.
LaTeX Font Info:    External font `lmex10' loaded for size
(Font)              <6> on input line 82.
LaTeX Font Info:    Trying to load font information for U+msa on input line 82.

(/opt/texlive/2026/texmf-dist/tex/latex/amsfonts/umsa.fd
File: umsa.fd 2013/01/14 v3.01 AMS symbols A
)
LaTeX Font Info:    Trying to load font information for U+msb on input line 82.

(/opt/texlive/2026/texmf-dist/tex/latex/amsfonts/umsb.fd
File: umsb.fd 2013/01/14 v3.01 AMS symbols B
)
LaTeX Font Info:    Trying to load font information for T1+lmtt on input line 9
8.
(/opt/texlive/2026/texmf-dist/tex/latex/lm/t1lmtt.fd
File: t1lmtt.fd 2015/05/01 v1.6.1 Font defs for Latin Modern
) (./sextic20250904_wrapped.4ct [3])

LaTeX Warning: Citation `severi1921vorlesungen' on page 4 undefined on input li
ne 103.


LaTeX Warning: Citation `pjateckii-sapiro1971torelli' on page 4 undefined on in
put line 109.


LaTeX Warning: Citation `burns1975torelli' on page 4 undefined on input line 10
9.


LaTeX Warning: Citation `looijenga1980torelli' on page 4 undefined on input lin
e 109.


LaTeX Warning: Citation `shah1980complete' on page 4 undefined on input line 11
2.


LaTeX Warning: Citation `looijenga2003compactificationsII' on page 4 undefined 
on input line 115.

[4]

LaTeX Warning: Citation `yu2023moduli' on page 5 undefined on input line 119.


LaTeX Warning: Citation `yu2023moduli' on page 5 undefined on input line 125.


LaTeX Warning: Citation `greuel1996equianalytic' on page 5 undefined on input l
ine 133.


LaTeX Warning: Citation `greuel1996equianalytic' on page 5 undefined on input l
ine 138.


LaTeX Warning: Citation `greuel2021plane' on page 5 undefined on input line 139
.


LaTeX Warning: Reference `subsection: ADE sextic' on page 5 undefined on input 
line 140.


LaTeX Warning: Reference `subsection: ADE sextic' on page 5 undefined on input 
line 144.


LaTeX Warning: Reference `subsection: define period map' on page 5 undefined on
 input line 163.


LaTeX Warning: Citation `kudla2012occult' on page 5 undefined on input line 164
.

[5]

LaTeX Warning: Reference `subsection: ADE sextic' on page 6 undefined on input 
line 193.


LaTeX Warning: Citation `urabe1988combinations' on page 6 undefined on input li
ne 196.


LaTeX Warning: Citation `yang1996sextic' on page 6 undefined on input line 197.



LaTeX Warning: Citation `yang1996sextic' on page 6 undefined on input line 198.



LaTeX Warning: Reference `subsection: define period map' on page 6 undefined on
 input line 209.


LaTeX Warning: Reference `subsec: image of period map' on page 6 undefined on i
nput line 219.


LaTeX Warning: Citation `urabe1988combinations' on page 6 undefined on input li
ne 220.


LaTeX Warning: Citation `degtyarev2008deformations' on page 6 undefined on inpu
t line 221.


LaTeX Warning: Citation `yu2020fourfolds' on page 6 undefined on input line 240
.


LaTeX Warning: Citation `yu2023moduli' on page 6 undefined on input line 240.


LaTeX Warning: Reference `diagram: compactifications' on page 6 undefined on in
put line 241.


LaTeX Warning: Reference `subsection: Shah, Looijenga' on page 6 undefined on i
nput line 251.


LaTeX Warning: Citation `looijenga2003compactificationsII' on page 6 undefined 
on input line 260.


LaTeX Warning: Citation `yu2020fourfolds' on page 6 undefined on input line 261
.


LaTeX Warning: Citation `yu2020fourfolds' on page 6 undefined on input line 262
.


LaTeX Warning: Reference `subsec: identification of compactifications' on page 
6 undefined on input line 270.

[6]

LaTeX Warning: Reference `section: explicit description of lattices' on page 7 
undefined on input line 276.


LaTeX Warning: Reference `sec: orbifold structures' on page 7 undefined on inpu
t line 285.


LaTeX Warning: Reference `sec: examples and applications' on page 7 undefined o
n input line 288.

[7]

LaTeX Warning: Citation `zariski1965equisingularityI' on page 8 undefined on in
put line 319.


LaTeX Warning: Citation `zariski1965equisingularityII' on page 8 undefined on i
nput line 319.


LaTeX Warning: Citation `zariski1968equisingularityIII' on page 8 undefined on 
input line 319.


LaTeX Warning: Citation `greuel2007singularities' on page 8 undefined on input 
line 320.


LaTeX Warning: Reference `sec: intro' on page 8 undefined on input line 321.


LaTeX Warning: Citation `greuel1996equianalytic' on page 8 undefined on input l
ine 322.


LaTeX Warning: Citation `greuel1996equianalytic' on page 8 undefined on input l
ine 326.


LaTeX Warning: Citation `saito1971quasihomogene' on page 8 undefined on input l
ine 336.


LaTeX Warning: Citation `greuel1996equianalytic' on page 8 undefined on input l
ine 344.


LaTeX Warning: Citation `shah1980complete' on page 8 undefined on input line 35
9.


LaTeX Warning: Citation `mumford1994geometric' on page 8 undefined on input lin
e 404.


! LaTeX Error: Unicode character ◻ (U+25FB)
               not set up for use with LaTeX.

See the LaTeX manual or LaTeX Companion for explanation.
Type  H <return>  for immediate help.
 ...                                              
                                                  
l.412 \(j_T\) is the normalization map.~◻
                                           
You may provide a definition with
\DeclareUnicodeCharacter 

[8]

LaTeX Warning: Citation `yu2023moduli' on page 9 undefined on input line 414.


LaTeX Warning: Reference `sec: examples and applications' on page 9 undefined o
n input line 417.


LaTeX Warning: Citation `barth2004compact' on page 9 undefined on input line 44
0.

[9]

! LaTeX Error: Unicode character ◻ (U+25FB)
               not set up for use with LaTeX.

See the LaTeX manual or LaTeX Companion for explanation.
Type  H <return>  for immediate help.
 ...                                              
                                                  
l.511 ...Thus \(\Lambda_F^\iota = P_F^\iota\).~◻
                                                  
You may provide a definition with
\DeclareUnicodeCharacter 

[10]

LaTeX Warning: Reference `subsection: ADE K3' on page 11 undefined on input lin
e 550.


LaTeX Warning: Citation `nikulin1979integer' on page 11 undefined on input line
 572.


! LaTeX Error: Unicode character ◻ (U+25FB)
               not set up for use with LaTeX.

See the LaTeX manual or LaTeX Companion for explanation.
Type  H <return>  for immediate help.
 ...                                              
                                                  
l.576 \(\widetilde{\Gamma}_F\) by definition.~◻
                                                 
You may provide a definition with
\DeclareUnicodeCharacter 


LaTeX Warning: Citation `hassett2000special' on page 11 undefined on input line
 602.


LaTeX Warning: Citation `kudla2012occult' on page 11 undefined on input line 60
3.

[11]

LaTeX Warning: Reference `subsection: define period map' on page 12 undefined o
n input line 609.


LaTeX Warning: Citation `burns1975torelli' on page 12 undefined on input line 6
11.


LaTeX Warning: Citation `burns1975torelli' on page 12 undefined on input line 6
43.


LaTeX Warning: Citation `looijenga1980torelli' on page 12 undefined on input li
ne 651.


! LaTeX Error: Unicode character ◻ (U+25FB)
               not set up for use with LaTeX.

See the LaTeX manual or LaTeX Companion for explanation.
Type  H <return>  for immediate help.
 ...                                              
                                                  
l.659 follows.~◻
                  
You may provide a definition with
\DeclareUnicodeCharacter 

! Undefined control sequence.
<argument> Image of the Period Map \(\mathscr 
                                              {P}_T\)
l.662 ...{subsec:ux20imageux20ofux20periodux20map}
                                                  
The control sequence at the end of the top line
of your error message was never \def'ed. If you have
misspelled it (e.g., `\hobx'), type `I' and the correct
spelling (e.g., `I\hbox'). Otherwise just continue,
and I'll forget about whatever was undefined.


LaTeX Warning: Citation `urabe1988combinations' on page 12 undefined on input l
ine 666.


LaTeX Warning: Citation `degtyarev2008deformations' on page 12 undefined on inp
ut line 667.

[12]

LaTeX Warning: Citation `urabe1988combinations' on page 13 undefined on input l
ine 698.


! LaTeX Error: Unicode character ◻ (U+25FB)
               not set up for use with LaTeX.

See the LaTeX manual or LaTeX Companion for explanation.
Type  H <return>  for immediate help.
 ...                                              
                                                  
l.701 degree two.~◻
                     
You may provide a definition with
\DeclareUnicodeCharacter 


LaTeX Warning: Citation `urabe1988combinations' on page 13 undefined on input l
ine 710.


LaTeX Warning: Citation `huybrechts2016lectures' on page 13 undefined on input 
line 718.


LaTeX Warning: Citation `urabe1988combinations' on page 13 undefined on input l
ine 731.


LaTeX Warning: Citation `barth2004compact' on page 13 undefined on input line 7
63.


! LaTeX Error: Unicode character ◻ (U+25FB)
               not set up for use with LaTeX.

See the LaTeX manual or LaTeX Companion for explanation.
Type  H <return>  for immediate help.
 ...                                              
                                                  
l.768 ...rves in \(\phi'^{-1}_\omega \Delta\).~◻
                                                  
You may provide a definition with
\DeclareUnicodeCharacter 

[13]

LaTeX Warning: Citation `degtyarev2008deformations' on page 14 undefined on inp
ut line 771.


LaTeX Warning: Citation `urabe1988combinations' on page 14 undefined on input l
ine 784.


LaTeX Warning: Citation `huybrechts2016lectures' on page 14 undefined on input 
line 785.


LaTeX Warning: Citation `nishinou2024deformation' on page 14 undefined on input
 line 806.


LaTeX Warning: Citation `bloch1972semi-regularity' on page 14 undefined on inpu
t line 807.


LaTeX Warning: Citation `artin1968solutions' on page 14 undefined on input line
 808.


! LaTeX Error: Unicode character ◻ (U+25FB)
               not set up for use with LaTeX.

See the LaTeX manual or LaTeX Companion for explanation.
Type  H <return>  for immediate help.
 ...                                              
                                                  
l.838 \((Z(F_0),\mathbb{P}^2)\).~◻
                                    
You may provide a definition with
\DeclareUnicodeCharacter 


LaTeX Warning: Reference `subsection: ADE K3' on page 14 undefined on input lin
e 843.


! LaTeX Error: Unicode character ◻ (U+25FB)
               not set up for use with LaTeX.

See the LaTeX manual or LaTeX Companion for explanation.
Type  H <return>  for immediate help.
 ...                                              
                                                  
l.870 ...slash (\mathbb{D}_T-\mathcal{H}_T)\).~◻
                                                  
You may provide a definition with
\DeclareUnicodeCharacter 


! LaTeX Error: Unicode character ◻ (U+25FB)
               not set up for use with LaTeX.

See the LaTeX manual or LaTeX Companion for explanation.
Type  H <return>  for immediate help.
 ...                                              
                                                  
l.882 ..._T coincides with global period map}.~◻
                                                  
You may provide a definition with
\DeclareUnicodeCharacter 

[14]

! LaTeX Error: Unicode character ◻ (U+25FB)
               not set up for use with LaTeX.

See the LaTeX manual or LaTeX Companion for explanation.
Type  H <return>  for immediate help.
 ...                                              
                                                  
l.891 \(P_F\).~◻
                  
You may provide a definition with
\DeclareUnicodeCharacter 


LaTeX Warning: Citation `baily1966compactification' on page 15 undefined on inp
ut line 897.


LaTeX Warning: Citation `borel1972metric' on page 15 undefined on input line 89
7.


LaTeX Warning: Citation `deligne1986monodromy' on page 15 undefined on input li
ne 902.


LaTeX Warning: Citation `dolgachev2005complex' on page 15 undefined on input li
ne 903.


LaTeX Warning: Citation `mostow1988discontinuous' on page 15 undefined on input
 line 909.


LaTeX Warning: Citation `yu2023moduli' on page 15 undefined on input line 910.


LaTeX Warning: Citation `zheng2024complex' on page 15 undefined on input line 9
11.


LaTeX Warning: Citation `mostow1988discontinuous' on page 15 undefined on input
 line 915.


LaTeX Warning: Citation `shah1980complete' on page 15 undefined on input line 9
24.

[15]

LaTeX Warning: Citation `huybrechts2016lectures' on page 16 undefined on input 
line 966.


LaTeX Warning: Citation `looijenga2003compactificationsII' on page 16 undefined
 on input line 980.


LaTeX Warning: Citation `shah1980complete' on page 16 undefined on input line 9
80.


LaTeX Warning: Citation `looijenga2003compactificationsII' on page 16 undefined
 on input line 981.

[16]

LaTeX Warning: Citation `bourbaki2002lie4-6' on page 17 undefined on input line
 1061.


! LaTeX Error: Unicode character ◻ (U+25FB)
               not set up for use with LaTeX.

See the LaTeX manual or LaTeX Companion for explanation.
Type  H <return>  for immediate help.
 ...                                              
                                                  
l.1065 \(\widetilde{K}=\widetilde{W}\).~◻
                                           
You may provide a definition with
\DeclareUnicodeCharacter 


! LaTeX Error: Unicode character ◻ (U+25FB)
               not set up for use with LaTeX.

See the LaTeX manual or LaTeX Companion for explanation.
Type  H <return>  for immediate help.
 ...                                              
                                                  
l.1089 ...llows \(\Gamma_{P^\perp}=\Gamma_W\).~◻
                                                  
You may provide a definition with
\DeclareUnicodeCharacter 


LaTeX Warning: Citation `yu2020fourfolds' on page 17 undefined on input line 10
91.


! LaTeX Error: Unicode character ◻ (U+25FB)
               not set up for use with LaTeX.

See the LaTeX manual or LaTeX Companion for explanation.
Type  H <return>  for immediate help.
 ...                                              
                                                  
l.1130 ...\perp} \subset \widetilde\Gamma_T\).~◻
                                                  
You may provide a definition with
\DeclareUnicodeCharacter 

[17]

LaTeX Warning: Citation `yu2020fourfolds' on page 18 undefined on input line 11
32.


! LaTeX Error: Unicode character ◻ (U+25FB)
               not set up for use with LaTeX.

See the LaTeX manual or LaTeX Companion for explanation.
Type  H <return>  for immediate help.
 ...                                              
                                                  
l.1167 ...ies in \(\Lambda_X\), then in \(P\).~◻
                                                  
You may provide a definition with
\DeclareUnicodeCharacter 


! LaTeX Error: Unicode character ◻ (U+25FB)
               not set up for use with LaTeX.

See the LaTeX manual or LaTeX Companion for explanation.
Type  H <return>  for immediate help.
 ...                                              
                                                  
l.1174 ...athcal{H}_T^*\subset\mathcal{H}_T\).~◻
                                                  
You may provide a definition with
\DeclareUnicodeCharacter 


LaTeX Warning: Citation `yu2020fourfolds' on page 18 undefined on input line 11
79.


! LaTeX Error: Unicode character ◻ (U+25FB)
               not set up for use with LaTeX.

See the LaTeX manual or LaTeX Companion for explanation.
Type  H <return>  for immediate help.
 ...                                              
                                                  
l.1220 ...ave the claimed commutative diagram.~◻
                                                  
You may provide a definition with
\DeclareUnicodeCharacter 

[18]

LaTeX Warning: Reference `subsection: ADE sextic' on page 19 undefined on input
 line 1226.


! LaTeX Error: Unicode character ◻ (U+25FB)
               not set up for use with LaTeX.

See the LaTeX manual or LaTeX Companion for explanation.
Type  H <return>  for immediate help.
 ...                                              
                                                  
l.1258 diagram is also commutative.~◻
                                       
You may provide a definition with
\DeclareUnicodeCharacter 


LaTeX Warning: Citation `yu2023moduli' on page 19 undefined on input line 1289.


LaTeX Font Info:    External font `lmex10' loaded for size
(Font)              <10> on input line 1289.
LaTeX Font Info:    External font `lmex10' loaded for size
(Font)              <7> on input line 1289.
LaTeX Font Info:    External font `lmex10' loaded for size
(Font)              <5> on input line 1289.
[19]

LaTeX Warning: Citation `yu2023moduli' on page 20 undefined on input line 1297.



LaTeX Warning: Citation `lee1995homology' on page 20 undefined on input line 13
24.


! LaTeX Error: Unicode character ◻ (U+25FB)
               not set up for use with LaTeX.

See the LaTeX manual or LaTeX Companion for explanation.
Type  H <return>  for immediate help.
 ...                                              
                                                  
l.1334 ...{Z})(2)\cong (\mathbb{Z}/2)^{l-1}\).~◻
                                                  
You may provide a definition with
\DeclareUnicodeCharacter 


LaTeX Warning: Citation `bourbaki2002lie4-6' on page 20 undefined on input line
 1367.


! LaTeX Error: Unicode character ◻ (U+25FB)
               not set up for use with LaTeX.

See the LaTeX manual or LaTeX Companion for explanation.
Type  H <return>  for immediate help.
 ...                                              
                                                  
l.1367 ...ite[PLATE I--X]{bourbaki2002lie4-6}.~◻
                                                  
You may provide a definition with
\DeclareUnicodeCharacter 

[20]

! LaTeX Error: Unicode character ◻ (U+25FB)
               not set up for use with LaTeX.

See the LaTeX manual or LaTeX Companion for explanation.
Type  H <return>  for immediate help.
 ...                                              
                                                  
l.1384 ...is implies the required isomorphism.~◻
                                                  
You may provide a definition with
\DeclareUnicodeCharacter 

[21]

! LaTeX Error: Unicode character ◻ (U+25FB)
               not set up for use with LaTeX.

See the LaTeX manual or LaTeX Companion for explanation.
Type  H <return>  for immediate help.
 ...                                              
                                                  
l.1484 Thus the lemma follows.~◻
                                  
You may provide a definition with
\DeclareUnicodeCharacter 


LaTeX Warning: Citation `yu2023moduli' on page 22 undefined on input line 1492.


[22]

LaTeX Warning: Reference `figure: A_2n-1' on page 23 undefined on input line 15
09.


LaTeX Warning: Citation `barth2004compact' on page 23 undefined on input line 1
510.

[23] [24

]
l.1519 --- TeX4ht warning --- File `"A_2n_1.xbb"' not found ---
l.1519 --- TeX4ht warning --- Cannot determine size of graphic in "A_2n_1.xbb" 
(no BoundingBox) ---
l. 1519 --- needs --- A_2n_1.jpg ---
[25

]

LaTeX Warning: Citation `bourbaki2002lie4-6' on page 26 undefined on input line
 1532.


LaTeX Warning: Reference `figure: D_2n-1' on page 26 undefined on input line 15
38.


LaTeX Warning: Reference `figure: D_2n' on page 26 undefined on input line 1538
.


LaTeX Warning: Reference `figure: E_7' on page 26 undefined on input line 1539.


[26

] [27

]
l.1548 --- TeX4ht warning --- File `"D_2n_1.xbb"' not found ---
l.1548 --- TeX4ht warning --- Cannot determine size of graphic in "D_2n_1.xbb" 
(no BoundingBox) ---
l. 1548 --- needs --- D_2n_1.jpg ---
[28

] [29

] [30

]
l.1560 --- TeX4ht warning --- File `"D_2n.xbb"' not found ---
l.1560 --- TeX4ht warning --- Cannot determine size of graphic in "D_2n.xbb" (n
o BoundingBox) ---
l. 1560 --- needs --- D_2n.jpg ---
[31

] [32

] [33

]
l.1572 --- TeX4ht warning --- File `"E_7.xbb"' not found ---
l.1572 --- TeX4ht warning --- Cannot determine size of graphic in "E_7.xbb" (no
 BoundingBox) ---
l. 1572 --- needs --- E_7.jpg ---
[34

]

! LaTeX Error: Unicode character ◻ (U+25FB)
               not set up for use with LaTeX.

See the LaTeX manual or LaTeX Companion for explanation.
Type  H <return>  for immediate help.
 ...                                              
                                                  
l.1619 ...H \right\rangle\oplus L)^{\iota}}\).~◻
                                                  
You may provide a definition with
\DeclareUnicodeCharacter 


LaTeX Warning: Citation `yang1996sextic' on page 35 undefined on input line 162
2.


LaTeX Warning: Reference `eqn: iota-invariant successive saturations' on page 3
5 undefined on input line 1631.


! LaTeX Error: Unicode character ◻ (U+25FB)
               not set up for use with LaTeX.

See the LaTeX manual or LaTeX Companion for explanation.
Type  H <return>  for immediate help.
 ...                                              
                                                  
l.1641 ...) lies in \(M^\iota\). We have done.~◻
                                                  
You may provide a definition with
\DeclareUnicodeCharacter 

[35

]

! LaTeX Error: Unicode character ◻ (U+25FB)
               not set up for use with LaTeX.

See the LaTeX manual or LaTeX Companion for explanation.
Type  H <return>  for immediate help.
 ...                                              
                                                  
l.1696 \label{tab: r_R^+}~◻
                             
You may provide a definition with
\DeclareUnicodeCharacter 


! LaTeX Error: Unicode character ◻ (U+25FB)
               not set up for use with LaTeX.

See the LaTeX manual or LaTeX Companion for explanation.
Type  H <return>  for immediate help.
 ...                                              
                                                  
l.1743 ...s L^{-\iota}}\) is \(2\)-elementary.~◻
                                                  
You may provide a definition with
\DeclareUnicodeCharacter 

[36]

LaTeX Warning: Reference `subsec: Zariski pair' on page 37 undefined on input l
ine 1750.


LaTeX Warning: Citation `yu2023moduli' on page 37 undefined on input line 1752.



LaTeX Warning: Reference `sec: examples and applications' on page 37 undefined 
on input line 1754.


LaTeX Warning: Citation `kudla2012occult' on page 37 undefined on input line 17
63.


LaTeX Warning: Citation `zheng2021orbifold' on page 37 undefined on input line 
1763.


LaTeX Warning: Reference `section: period map' on page 37 undefined on input li
ne 1767.


LaTeX Warning: Citation `thurston2022geometry' on page 37 undefined on input li
ne 1769.


LaTeX Warning: Reference `subsection: ADE K3' on page 37 undefined on input lin
e 1775.


LaTeX Warning: Reference `subsection: define period map' on page 37 undefined o
n input line 1776.

Runaway argument?
{\label {prop: describe Stab_Z(F)} We have a natural isomorphism \[\begin \ETC.
! Paragraph ended before \text@command was complete.
<to be read again> 
                   \par 
l.1784 \(Z(F)\) in \(\mathrm{PGL}(3)\).}
                                        
I suspect you've forgotten a `}', causing me to apply this
control sequence to too much text. How can we recover?
My plan is to forget the whole thing and hope for the best.


! LaTeX Error: \begin{document} ended by \end{aligned}.

See the LaTeX manual or LaTeX Companion for explanation.
Type  H <return>  for immediate help.
 ...                                              
                                                  
l.1784 \(Z(F)\) in \(\mathrm{PGL}(3)\).}
                                        
Your command was ignored.
Type  I <command> <return>  to replace it with another command,
or  <return>  to continue without it.

! Missing } inserted.
<inserted text> 
                }
l.1784 \(Z(F)\) in \(\mathrm{PGL}(3)\).}
                                        
I've inserted something that you may have forgotten.
(See the <inserted text> above.)
With luck, this will get me unwedged. But if you
really didn't forget anything, try typing `2' now; then
my insertion and my current dilemma will both disappear.

! Extra \endgroup.
<recently read> \endgroup 
                          
l.1784 \(Z(F)\) in \(\mathrm{PGL}(3)\).}
                                        
Things are pretty mixed up, but I think the worst is over.

! Too many }'s.
\]->\ed:Math \egroup 
                     
l.1784 \(Z(F)\) in \(\mathrm{PGL}(3)\).}
                                        
You've closed more groups than you opened.
Such booboos are generally harmless, so keep going.

! Too many }'s.
\emph  ...1}\else \hmode@bgroup \text@command {#1}
                                                  \em \check@icl #1\check@ic...
l.1784 \(Z(F)\) in \(\mathrm{PGL}(3)\).}
                                        
You've closed more groups than you opened.
Such booboos are generally harmless, so keep going.

! Too many }'s.
<recently read> \egroup 
                        
l.1784 \(Z(F)\) in \(\mathrm{PGL}(3)\).}
                                        
You've closed more groups than you opened.
Such booboos are generally harmless, so keep going.

Runaway argument?
{\label {lem: describe Aut(X_F,H_F,Delta_F)} We have \[\begin {aligne\ETC.
! Paragraph ended before \text@command was complete.
<to be read again> 
                   \par 
l.1791 \end{aligned}\]}
                       
I suspect you've forgotten a `}', causing me to apply this
control sequence to too much text. How can we recover?
My plan is to forget the whole thing and hope for the best.


! LaTeX Error: \begin{document} ended by \end{aligned}.

See the LaTeX manual or LaTeX Companion for explanation.
Type  H <return>  for immediate help.
 ...                                              
                                                  
l.1791 \end{aligned}\]}
                       
Your command was ignored.
Type  I <command> <return>  to replace it with another command,
or  <return>  to continue without it.

! Missing } inserted.
<inserted text> 
                }
l.1791 \end{aligned}\]}
                       
I've inserted something that you may have forgotten.
(See the <inserted text> above.)
With luck, this will get me unwedged. But if you
really didn't forget anything, try typing `2' now; then
my insertion and my current dilemma will both disappear.

l.1791 --- TeX4ht warning --- \RecallEverypar without \SaveEverypar  ---
! Extra \endgroup.
<recently read> \endgroup 
                          
l.1791 \end{aligned}\]}
                       
Things are pretty mixed up, but I think the worst is over.

l.1791 --- TeX4ht warning --- empty \PopStack\envn:list\:tempb? ---
! Missing number, treated as zero.
<to be read again> 
                   =
l.1791 \end{aligned}\]}
                       
A number should have been here; I inserted `0'.
(If you can't figure out why I needed to see a number,
look up `weird error' in the index to The TeXbook.)

! Too many }'s.
\]->\ed:Math \egroup 
                     
l.1791 \end{aligned}\]}
                       
You've closed more groups than you opened.
Such booboos are generally harmless, so keep going.

! Too many }'s.
\emph  ...1}\else \hmode@bgroup \text@command {#1}
                                                  \em \check@icl #1\check@ic...
l.1791 \end{aligned}\]}
                       
You've closed more groups than you opened.
Such booboos are generally harmless, so keep going.

! Too many }'s.
<recently read> \egroup 
                        
l.1791 \end{aligned}\]}
                       
You've closed more groups than you opened.
Such booboos are generally harmless, so keep going.


! LaTeX Error: Unicode character ◻ (U+25FB)
               not set up for use with LaTeX.

See the LaTeX manual or LaTeX Companion for explanation.
Type  H <return>  for immediate help.
 ...                                              
                                                  
l.1807 ...mbda_F,H_F,\Delta_F,H^{2,0}(X_F))\).~◻
                                                  
You may provide a definition with
\DeclareUnicodeCharacter 

[37]

! LaTeX Error: Unicode character ◻ (U+25FB)
               not set up for use with LaTeX.

See the LaTeX manual or LaTeX Companion for explanation.
Type  H <return>  for immediate help.
 ...                                              
                                                  
l.1822 ..., \(f\) commutes with \(\iota_{F}\).~◻
                                                  
You may provide a definition with
\DeclareUnicodeCharacter 


! LaTeX Error: Unicode character ◻ (U+25FB)
               not set up for use with LaTeX.

See the LaTeX manual or LaTeX Companion for explanation.
Type  H <return>  for immediate help.
 ...                                              
                                                  
l.1846 ...X_F\) or the involution \(\iota_F\).~◻
                                                  
You may provide a definition with
\DeclareUnicodeCharacter 


! LaTeX Error: Unicode character ◻ (U+25FB)
               not set up for use with LaTeX.

See the LaTeX manual or LaTeX Companion for explanation.
Type  H <return>  for immediate help.
 ...                                              
                                                  
l.1861 ...se results, the proposition follows.~◻
                                                  
You may provide a definition with
\DeclareUnicodeCharacter 

[38]

! LaTeX Error: Unicode character ◻ (U+25FB)
               not set up for use with LaTeX.

See the LaTeX manual or LaTeX Companion for explanation.
Type  H <return>  for immediate help.
 ...                                              
                                                  
l.1936 \(A_{P_{F_0}}\).~◻
                           
You may provide a definition with
\DeclareUnicodeCharacter 


! LaTeX Error: Unicode character ◻ (U+25FB)
               not set up for use with LaTeX.

See the LaTeX manual or LaTeX Companion for explanation.
Type  H <return>  for immediate help.
 ...                                              
                                                  
l.1960 faithful.~◻
                    
You may provide a definition with
\DeclareUnicodeCharacter 

[39]

! LaTeX Error: Unicode character ◻ (U+25FB)
               not set up for use with LaTeX.

See the LaTeX manual or LaTeX Companion for explanation.
Type  H <return>  for immediate help.
 ...                                              
                                                  
l.1989 follows.~◻
                   
You may provide a definition with
\DeclareUnicodeCharacter 


! LaTeX Error: Unicode character ◻ (U+25FB)
               not set up for use with LaTeX.

See the LaTeX manual or LaTeX Companion for explanation.
Type  H <return>  for immediate help.
 ...                                              
                                                  
l.2042 Contradiction.~◻
                         
You may provide a definition with
\DeclareUnicodeCharacter 

[40]

LaTeX Warning: Citation `yu2023moduli' on page 41 undefined on input line 2052.



LaTeX Warning: Citation `laza2009deformations' on page 41 undefined on input li
ne 2064.


LaTeX Warning: Citation `yu2023moduli' on page 41 undefined on input line 2066.



LaTeX Warning: Citation `yu2023moduli' on page 41 undefined on input line 2075.



LaTeX Warning: Citation `belcastro2002picard' on page 41 undefined on input lin
e 2092.


LaTeX Warning: Citation `clingher2024neron-severi' on page 41 undefined on inpu
t line 2093.

[41]

LaTeX Warning: Citation `laza2009deformations' on page 42 undefined on input li
ne 2106.


LaTeX Warning: Citation `yu2023moduli' on page 42 undefined on input line 2107.


--- file sextic20250904_wrapped2.html ---

LaTeX Warning: Citation `yu2023moduli' on page 42 undefined on input line 2110.



LaTeX Warning: Citation `laza2009deformations' on page 42 undefined on input li
ne 2115.


LaTeX Warning: Citation `yu2023moduli' on page 42 undefined on input line 2116.



! LaTeX Error: Unicode character ◻ (U+25FB)
               not set up for use with LaTeX.

See the LaTeX manual or LaTeX Companion for explanation.
Type  H <return>  for immediate help.
 ...                                              
                                                  
l.2160 ...bb{P}\overline{\mathcal{V}}_{T_1}\).~◻
                                                  
You may provide a definition with
\DeclareUnicodeCharacter 

[42

]

! LaTeX Error: Unicode character ◻ (U+25FB)
               not set up for use with LaTeX.

See the LaTeX manual or LaTeX Companion for explanation.
Type  H <return>  for immediate help.
 ...                                              
                                                  
l.2177 ...ely \(L_F^{-\iota} = P_F^{-\iota}\).~◻
                                                  
You may provide a definition with
\DeclareUnicodeCharacter 


! LaTeX Error: Unicode character ◻ (U+25FB)
               not set up for use with LaTeX.

See the LaTeX manual or LaTeX Companion for explanation.
Type  H <return>  for immediate help.
 ...                                              
                                                  
l.2199 ...(M_F\subset P_F\), thus \(M_F=P_F\).~◻
                                                  
You may provide a definition with
\DeclareUnicodeCharacter 


LaTeX Warning: Citation `yu2023moduli' on page 43 undefined on input line 2219.



LaTeX Warning: Citation `schubert1879kalkul' on page 43 undefined on input line
 2231.

[43]

! LaTeX Error: Unicode character ◻ (U+25FB)
               not set up for use with LaTeX.

See the LaTeX manual or LaTeX Companion for explanation.
Type  H <return>  for immediate help.
 ...                                              
                                                  
l.2280 ...ely \(L_F^{-\iota} = P_F^{-\iota}\).~◻
                                                  
You may provide a definition with
\DeclareUnicodeCharacter 


LaTeX Warning: Citation `conway1999sphere' on page 44 undefined on input line 2
293.


LaTeX Warning: Citation `nikulin1979integer' on page 44 undefined on input line
 2295.


! LaTeX Error: Unicode character ◻ (U+25FB)
               not set up for use with LaTeX.

See the LaTeX manual or LaTeX Companion for explanation.
Type  H <return>  for immediate help.
 ...                                              
                                                  
l.2299 \(A_N\cong 4^{-2}_{2}\).~◻
                                   
You may provide a definition with
\DeclareUnicodeCharacter 


! LaTeX Error: Unicode character ◻ (U+25FB)
               not set up for use with LaTeX.

See the LaTeX manual or LaTeX Companion for explanation.
Type  H <return>  for immediate help.
 ...                                              
                                                  
l.2307 \(P_F=M_F\).~◻
                       
You may provide a definition with
\DeclareUnicodeCharacter 


LaTeX Warning: Citation `gallardo2018compactifications' on page 44 undefined on
 input line 2331.

[44]

! LaTeX Error: Unicode character ◻ (U+25FB)
               not set up for use with LaTeX.

See the LaTeX manual or LaTeX Companion for explanation.
Type  H <return>  for immediate help.
 ...                                              
                                                  
l.2356 ...\) is contained in \(M_F^{-\iota}\).~◻
                                                  
You may provide a definition with
\DeclareUnicodeCharacter 


LaTeX Warning: Citation `kondo2011moduli' on page 45 undefined on input line 23
89.


LaTeX Warning: Citation `yang2012discriminantal' on page 45 undefined on input 
line 2401.


LaTeX Warning: Citation `zariski1931irregularity' on page 45 undefined on input
 line 2409.


LaTeX Warning: Citation `degtyarev2008deformations' on page 45 undefined on inp
ut line 2411.

[45] [46] [47] (./sextic20250904_wrapped.aux)
 ***********
LaTeX2e <2025-11-01>
L3 programming layer <2026-03-20>
 ***********

LaTeX Warning: There were undefined references.


LaTeX Warning: Label(s) may have changed. Rerun to get cross-references right.

 ) 
Here is how much of TeX's memory you used:
 18147 strings out of 467350
 275395 string characters out of 5391425
 841131 words of memory out of 5000000
 46738 multiletter control sequences out of 15000+600000
 701982 words of font info for 89 fonts, out of 8000000 for 9000
 1141 hyphenation exceptions out of 8191
 88i,6n,113p,1051b,590s stack positions out of 10000i,1000n,20000p,200000b,200000s

Output written on sextic20250904_wrapped.dvi (47 pages, 348116 bytes).
